errors

אם אחרי הסלקט יש רווחים רבים, צריך להסיר אותם

